ABB | Dec 2012 | ROE Difference = 12.49 | Category : Version Difference
ABB | Mar 2014 | ROE Difference = 9.77 | Category : Version Difference
ABB | Mar 2014 | ROE Difference = 9.77 | Category : Version Difference
ABB | Mar 2015 | ROE Difference = 10.46 | Category : Version Difference
ABB | Mar 2015 | ROE Difference = 10.46 | Category : Version Difference
ABB | Mar 2016 | ROE Difference = 13.56 | Category : Version Difference
ABB | Mar 2016 | ROE Difference = 13.56 | Category : Version Difference
ABB | Mar 2017 | ROE Difference = 14.93 | Category : Version Difference
ABB | Mar 2017 | ROE Difference = 14.93 | Category : Version Difference
ABB | Mar 2018 | ROE Difference = 11.21 | Category : Version Difference
ABB | Mar 2018 | ROE Difference = 11.21 | Category : Version Difference
ABB | Mar 2019 | ROE Difference = 12.49 | Category : Version Difference
ABB | Mar 2019 | ROE Difference = 12.49 | Category : Version Difference
ABB | Mar 2020 | ROE Difference = 10.51 | Category : Version Difference
ABB | Mar 2020 | ROE Difference = 10.51 | Category : Version Difference
ABB | Mar 2021 | ROE Difference = 8.34 | Category : Version Difference
ABB | Mar 2021 | ROE Difference = 8.34 | Category : Version Difference
ABB | Mar 2022 | ROE Difference = 6.57 | Category : Version Difference
ABB | Mar 2022 | ROE Difference = 6.57 | Category : Version Difference
ABB | Mar 2023 | ROE Difference = 5.13 | Category : Version Difference
ABB | Mar 2023 | ROE Difference = 5.13 | Category : Version Difference
ADANIENSOL | Mar 2014 | ROE Difference = 8.59 | Category : Version Difference
ADANIENSOL | Mar 2015 | ROE Difference = 9.24 | Category : Version Difference
ADANIENSOL | Mar 2016 | ROE Difference = 5.18 | Category : Version Difference
ADANIENSOL | Mar 2017 | ROE Difference = 5.53 | Category : Version Difference
ADANIENSOL | Mar 2018 | ROE Difference = 10.28 | Category : Version Difference
ADANIENSOL | Mar 2021 | ROE Difference = 5.87 | Category : Version Difference
ADANIENT | Mar 2013 | ROE Difference = 7.95 | Category : Version Difference
ADANIENT | Mar 2016 | ROE Difference = 6.17 | Category : Version Difference
ADANIENT | Mar 2017 | ROE Difference = 7.1 | Category : Version Difference
ADANIENT | Mar 2018 | ROE Difference = 9.7 | Category : Version Difference
ADANIENT | Mar 2019 | ROE Difference = 10.21 | Category : Version Difference
ADANIENT | Mar 2020 | ROE Difference = 7.5 | Category : Version Difference
ADANIENT | Mar 2021 | ROE Difference = 7.54 | Category : Version Difference
ADANIENT | Mar 2022 | ROE Difference = 10.1 | Category : Version Difference
ADANIENT | Mar 2023 | ROE Difference = 6.31 | Category : Version Difference
ADANIENT | Mar 2024 | ROE Difference = 5.11 | Category : Version Difference
ADANIGREEN | Mar 2017 | ROE Difference = 18.61 | Category : Version Difference
ADANIGREEN | Mar 2018 | ROE Difference = 24.99 | Category : Version Difference
ADANIGREEN | Mar 2019 | ROE Difference = 39.27 | Category : Version Difference
ADANIGREEN | Mar 2020 | ROE Difference = 17.59 | Category : Version Difference
ADANIGREEN | Mar 2021 | ROE Difference = 6.43 | Category : Version Difference
ADANIPORTS | Mar 2013 | ROE Difference = 7.53 | Category : Version Difference
ADANIPORTS | Mar 2013 | ROE Difference = 7.53 | Category : Version Difference
ADANIPORTS | Mar 2022 | ROE Difference = 6.26 | Category : Version Difference
ADANIPORTS | Mar 2022 | ROE Difference = 6.26 | Category : Version Difference
ADANIPORTS | Mar 2023 | ROE Difference = 6.22 | Category : Version Difference
ADANIPORTS | Mar 2023 | ROE Difference = 6.22 | Category : Version Difference
ADANIPOWER | Mar 2013 | ROE Difference = 110.56 | Category : Version Difference
ADANIPOWER | Mar 2014 | ROE Difference = 61.55 | Category : Version Difference
ADANIPOWER | Mar 2015 | ROE Difference = 71.35 | Category : Version Difference
ADANIPOWER | Mar 2016 | ROE Difference = 49.72 | Category : Version Difference
ADANIPOWER | Mar 2017 | ROE Difference = 262.9 | Category : Version Difference
ADANIPOWER | Mar 2018 | ROE Difference = 293.66 | Category : Version Difference
ADANIPOWER | Mar 2019 | ROE Difference = 69.86 | Category : Version Difference
ADANIPOWER | Mar 2020 | ROE Difference = 92.2 | Category : Version Difference
ADANIPOWER | Mar 2021 | ROE Difference = 47.41 | Category : Version Difference
ADANIPOWER | Mar 2022 | ROE Difference = 30.49 | Category : Version Difference
ADANIPOWER | Mar 2023 | ROE Difference = 21.19 | Category : Version Difference
ADANIPOWER | Mar 2024 | ROE Difference = 8.82 | Category : Version Difference
AMBUJACEM | Dec 2012 | ROE Difference = 5.45 | Category : Version Difference
AMBUJACEM | Dec 2014 | ROE Difference = 5.53 | Category : Version Difference
AMBUJACEM | Dec 2021 | ROE Difference = 5.4 | Category : Version Difference
APOLLOHOSP | Mar 2016 | ROE Difference = 6.76 | Category : Version Difference
APOLLOHOSP | Mar 2017 | ROE Difference = 9.86 | Category : Version Difference
APOLLOHOSP | Mar 2018 | ROE Difference = 11.96 | Category : Version Difference
APOLLOHOSP | Mar 2019 | ROE Difference = 7.81 | Category : Version Difference
APOLLOHOSP | Mar 2021 | ROE Difference = 10.83 | Category : Version Difference
APOLLOHOSP | Mar 2022 | ROE Difference = 5.89 | Category : Version Difference
ASIANPAINT | Mar 2018 | ROE Difference = 6.5 | Category : Version Difference
ASIANPAINT | Mar 2018 | ROE Difference = 6.5 | Category : Version Difference
ASIANPAINT | Mar 2019 | ROE Difference = 8.14 | Category : Version Difference
ASIANPAINT | Mar 2019 | ROE Difference = 8.14 | Category : Version Difference
ASIANPAINT | Mar 2021 | ROE Difference = 6.41 | Category : Version Difference
ASIANPAINT | Mar 2021 | ROE Difference = 6.41 | Category : Version Difference
ASIANPAINT | Mar 2022 | ROE Difference = 9.11 | Category : Version Difference
ASIANPAINT | Mar 2022 | ROE Difference = 9.11 | Category : Version Difference
ASIANPAINT | Mar 2023 | ROE Difference = 5.22 | Category : Version Difference
ASIANPAINT | Mar 2023 | ROE Difference = 5.22 | Category : Version Difference
AXISBANK | Mar 2013 | D/E Warning Suppressed (Financial Sector)
AXISBANK | Mar 2014 | D/E Warning Suppressed (Financial Sector)
AXISBANK | Mar 2015 | D/E Warning Suppressed (Financial Sector)
AXISBANK | Mar 2016 | D/E Warning Suppressed (Financial Sector)
AXISBANK | Mar 2017 | ROE Difference = 11.87 | Category : Version Difference
AXISBANK | Mar 2017 | D/E Warning Suppressed (Financial Sector)
AXISBANK | Mar 2018 | ROE Difference = 17.97 | Category : Version Difference
AXISBANK | Mar 2018 | D/E Warning Suppressed (Financial Sector)
AXISBANK | Mar 2019 | ROE Difference = 11.5 | Category : Version Difference
AXISBANK | Mar 2019 | D/E Warning Suppressed (Financial Sector)
AXISBANK | Mar 2020 | ROE Difference = 16.52 | Category : Version Difference
AXISBANK | Mar 2020 | D/E Warning Suppressed (Financial Sector)
AXISBANK | Mar 2021 | ROE Difference = 12.04 | Category : Version Difference
AXISBANK | Mar 2021 | D/E Warning Suppressed (Financial Sector)
AXISBANK | Mar 2022 | ROE Difference = 7.39 | Category : Version Difference
AXISBANK | Mar 2022 | D/E Warning Suppressed (Financial Sector)
AXISBANK | Mar 2023 | ROE Difference = 11.02 | Category : Version Difference
AXISBANK | Mar 2023 | D/E Warning Suppressed (Financial Sector)
AXISBANK | Mar 2024 | D/E Warning Suppressed (Financial Sector)
BAJAJ-AUTO | Mar 2013 | ROE Difference = 12.35 | Category : Version Difference
BAJAJ-AUTO | Mar 2013 | ROE Difference = 12.35 | Category : Version Difference
BAJAJ-AUTO | Mar 2014 | ROE Difference = 6.74 | Category : Version Difference
BAJAJ-AUTO | Mar 2014 | ROE Difference = 6.74 | Category : Version Difference
BAJAJ-AUTO | Mar 2018 | ROE Difference = 5.84 | Category : Version Difference
BAJAJ-AUTO | Mar 2018 | ROE Difference = 5.84 | Category : Version Difference
BAJAJ-AUTO | Mar 2019 | ROE Difference = 5.29 | Category : Version Difference
BAJAJ-AUTO | Mar 2019 | ROE Difference = 5.29 | Category : Version Difference
BAJAJ-AUTO | Mar 2021 | ROE Difference = 8.69 | Category : Version Difference
BAJAJ-AUTO | Mar 2021 | ROE Difference = 8.69 | Category : Version Difference
BAJAJ-AUTO | Mar 2022 | ROE Difference = 5.85 | Category : Version Difference
BAJAJ-AUTO | Mar 2022 | ROE Difference = 5.85 | Category : Version Difference
BAJAJ-AUTO | Mar 2023 | ROE Difference = 5.86 | Category : Version Difference
BAJAJ-AUTO | Mar 2023 | ROE Difference = 5.86 | Category : Version Difference
BAJAJFINSV | Mar 2013 | ROE Difference = 16.66 | Category : Version Difference
BAJAJFINSV | Mar 2013 | D/E Warning Suppressed (Financial Sector)
BAJAJFINSV | Mar 2014 | ROE Difference = 11.81 | Category : Version Difference
BAJAJFINSV | Mar 2014 | D/E Warning Suppressed (Financial Sector)
BAJAJFINSV | Mar 2015 | ROE Difference = 10.0 | Category : Version Difference
BAJAJFINSV | Mar 2015 | D/E Warning Suppressed (Financial Sector)
BAJAJFINSV | Mar 2016 | ROE Difference = 8.69 | Category : Version Difference
BAJAJFINSV | Mar 2016 | D/E Warning Suppressed (Financial Sector)
BAJAJFINSV | Mar 2017 | ROE Difference = 9.64 | Category : Version Difference
BAJAJFINSV | Mar 2017 | D/E Warning Suppressed (Financial Sector)
BAJAJFINSV | Mar 2018 | ROE Difference = 8.67 | Category : Version Difference
BAJAJFINSV | Mar 2018 | D/E Warning Suppressed (Financial Sector)
BAJAJFINSV | Mar 2019 | ROE Difference = 10.92 | Category : Version Difference
BAJAJFINSV | Mar 2019 | D/E Warning Suppressed (Financial Sector)
BAJAJFINSV | Mar 2020 | ROE Difference = 7.43 | Category : Version Difference
BAJAJFINSV | Mar 2020 | D/E Warning Suppressed (Financial Sector)
BAJAJFINSV | Mar 2021 | ROE Difference = 8.84 | Category : Version Difference
BAJAJFINSV | Mar 2021 | D/E Warning Suppressed (Financial Sector)
BAJAJFINSV | Mar 2022 | ROE Difference = 8.94 | Category : Version Difference
BAJAJFINSV | Mar 2022 | D/E Warning Suppressed (Financial Sector)
BAJAJFINSV | Mar 2023 | ROE Difference = 14.59 | Category : Version Difference
BAJAJFINSV | Mar 2023 | D/E Warning Suppressed (Financial Sector)
BAJAJFINSV | Mar 2024 | ROE Difference = 14.13 | Category : Version Difference
BAJAJFINSV | Mar 2024 | D/E Warning Suppressed (Financial Sector)
BAJAJHLDNG | Mar 2013 | D/E Warning Suppressed (Financial Sector)
BAJAJHLDNG | Mar 2014 | D/E Warning Suppressed (Financial Sector)
BAJAJHLDNG | Mar 2015 | D/E Warning Suppressed (Financial Sector)
BAJAJHLDNG | Mar 2016 | D/E Warning Suppressed (Financial Sector)
BAJAJHLDNG | Mar 2017 | D/E Warning Suppressed (Financial Sector)
BAJAJHLDNG | Mar 2018 | D/E Warning Suppressed (Financial Sector)
BAJAJHLDNG | Mar 2019 | D/E Warning Suppressed (Financial Sector)
BAJAJHLDNG | Mar 2020 | D/E Warning Suppressed (Financial Sector)
BAJAJHLDNG | Mar 2021 | D/E Warning Suppressed (Financial Sector)
BAJAJHLDNG | Mar 2022 | ROE Difference = 5.17 | Category : Version Difference
BAJAJHLDNG | Mar 2022 | D/E Warning Suppressed (Financial Sector)
BAJAJHLDNG | Mar 2023 | D/E Warning Suppressed (Financial Sector)
BAJAJHLDNG | Mar 2024 | D/E Warning Suppressed (Financial Sector)
BAJFINANCE | Mar 2015 | D/E Warning Suppressed (Financial Sector)
BAJFINANCE | Mar 2016 | D/E Warning Suppressed (Financial Sector)
BAJFINANCE | Mar 2017 | D/E Warning Suppressed (Financial Sector)
BAJFINANCE | Mar 2018 | ROE Difference = 6.35 | Category : Version Difference
BAJFINANCE | Mar 2018 | D/E Warning Suppressed (Financial Sector)
BAJFINANCE | Mar 2019 | D/E Warning Suppressed (Financial Sector)
BAJFINANCE | Mar 2020 | ROE Difference = 5.82 | Category : Version Difference
BAJFINANCE | Mar 2020 | D/E Warning Suppressed (Financial Sector)
BAJFINANCE | Mar 2021 | ROE Difference = 10.13 | Category : Version Difference
BAJFINANCE | Mar 2021 | D/E Warning Suppressed (Financial Sector)
BAJFINANCE | Mar 2022 | ROE Difference = 6.02 | Category : Version Difference
BAJFINANCE | Mar 2022 | D/E Warning Suppressed (Financial Sector)
BAJFINANCE | Mar 2023 | D/E Warning Suppressed (Financial Sector)
BAJFINANCE | Mar 2024 | D/E Warning Suppressed (Financial Sector)
BANKBARODA | Mar 2013 | D/E Warning Suppressed (Financial Sector)
BANKBARODA | Mar 2014 | D/E Warning Suppressed (Financial Sector)
BANKBARODA | Mar 2015 | ROE Difference = 7.3 | Category : Version Difference
BANKBARODA | Mar 2015 | D/E Warning Suppressed (Financial Sector)
BANKBARODA | Mar 2016 | ROE Difference = 28.54 | Category : Version Difference
BANKBARODA | Mar 2016 | D/E Warning Suppressed (Financial Sector)
BANKBARODA | Mar 2017 | ROE Difference = 12.39 | Category : Version Difference
BANKBARODA | Mar 2017 | D/E Warning Suppressed (Financial Sector)
BANKBARODA | Mar 2018 | ROE Difference = 20.64 | Category : Version Difference
BANKBARODA | Mar 2018 | D/E Warning Suppressed (Financial Sector)
BANKBARODA | Mar 2019 | ROE Difference = 14.58 | Category : Version Difference
BANKBARODA | Mar 2019 | D/E Warning Suppressed (Financial Sector)
BANKBARODA | Mar 2020 | ROE Difference = 15.41 | Category : Version Difference
BANKBARODA | Mar 2020 | D/E Warning Suppressed (Financial Sector)
BANKBARODA | Mar 2021 | ROE Difference = 14.73 | Category : Version Difference
BANKBARODA | Mar 2021 | D/E Warning Suppressed (Financial Sector)
BANKBARODA | Mar 2022 | ROE Difference = 8.06 | Category : Version Difference
BANKBARODA | Mar 2022 | D/E Warning Suppressed (Financial Sector)
BANKBARODA | Mar 2023 | D/E Warning Suppressed (Financial Sector)
BANKBARODA | Mar 2024 | D/E Warning Suppressed (Financial Sector)
BEL | Mar 2013 | ROE Difference = 15157.03 | Category : Version Difference
BEL | Mar 2014 | ROE Difference = 13573.7 | Category : Version Difference
BEL | Mar 2015 | ROE Difference = 17073.7 | Category : Version Difference
BEL | Mar 2016 | ROE Difference = 11115.37 | Category : Version Difference
BEL | Mar 2017 | ROE Difference = 10127.03 | Category : Version Difference
BEL | Mar 2018 | ROE Difference = 4589.83 | Category : Version Difference
BEL | Mar 2019 | ROE Difference = 3824.72 | Category : Version Difference
BEL | Mar 2020 | ROE Difference = 3291.88 | Category : Version Difference
BEL | Mar 2021 | ROE Difference = 3533.02 | Category : Version Difference
BEL | Mar 2022 | ROE Difference = 3451.96 | Category : Version Difference
BEL | Mar 2023 | ROE Difference = 3955.03 | Category : Version Difference
BEL | Mar 2024 | ROE Difference = 4717.75 | Category : Version Difference
BHARTIARTL | Mar 2013 | ROE Difference = 10.4 | Category : Version Difference
BHARTIARTL | Mar 2014 | ROE Difference = 9.85 | Category : Version Difference
BHARTIARTL | Mar 2017 | ROE Difference = 8.61 | Category : Version Difference
BHARTIARTL | Mar 2018 | ROE Difference = 11.76 | Category : Version Difference
BHARTIARTL | Mar 2019 | ROE Difference = 12.54 | Category : Version Difference
BHARTIARTL | Mar 2020 | ROE Difference = 54.65 | Category : Version Difference
BHARTIARTL | Mar 2021 | ROE Difference = 35.87 | Category : Version Difference
BHEL | Mar 2013 | ROE Difference = 20.86 | Category : Version Difference
BHEL | Mar 2014 | ROE Difference = 9.51 | Category : Version Difference
BHEL | Mar 2020 | ROE Difference = 6.17 | Category : Version Difference
BHEL | Mar 2021 | ROE Difference = 11.44 | Category : Version Difference
BOSCHLTD | Mar 2020 | ROE Difference = 8.99 | Category : Version Difference
BOSCHLTD | Mar 2021 | ROE Difference = 11.09 | Category : Version Difference
BPCL | Mar 2013 | ROE Difference = 30.36 | Category : Version Difference
BPCL | Mar 2014 | ROE Difference = 21.05 | Category : Version Difference
BPCL | Mar 2015 | ROE Difference = 19.38 | Category : Version Difference
BPCL | Mar 2016 | ROE Difference = 12.8 | Category : Version Difference
BPCL | Mar 2017 | ROE Difference = 11.05 | Category : Version Difference
BPCL | Mar 2018 | ROE Difference = 15.16 | Category : Version Difference
BPCL | Mar 2019 | ROE Difference = 19.9 | Category : Version Difference
BPCL | Mar 2020 | ROE Difference = 31.86 | Category : Version Difference
BPCL | Mar 2021 | ROE Difference = 9.56 | Category : Version Difference
BPCL | Mar 2022 | ROE Difference = 19.39 | Category : Version Difference
BPCL | Mar 2023 | ROE Difference = 37.92 | Category : Version Difference
BPCL | Mar 2024 | ROE Difference = 6.39 | Category : Version Difference
BRITANNIA | Mar 2013 | ROE Difference = 10.51 | Category : Version Difference
BRITANNIA | Mar 2014 | ROE Difference = 7.6 | Category : Version Difference
BRITANNIA | Mar 2016 | ROE Difference = 17.66 | Category : Version Difference
BRITANNIA | Mar 2017 | ROE Difference = 24.27 | Category : Version Difference
BRITANNIA | Mar 2018 | ROE Difference = 27.62 | Category : Version Difference
BRITANNIA | Mar 2019 | ROE Difference = 29.94 | Category : Version Difference
BRITANNIA | Mar 2020 | ROE Difference = 25.44 | Category : Version Difference
BRITANNIA | Mar 2023 | ROE Difference = 8.43 | Category : Version Difference
CANBK | Mar 2013 | ROE Difference = 6.0 | Category : Version Difference
CANBK | Mar 2013 | D/E Warning Suppressed (Financial Sector)
CANBK | Mar 2014 | ROE Difference = 9.05 | Category : Version Difference
CANBK | Mar 2014 | D/E Warning Suppressed (Financial Sector)
CANBK | Mar 2015 | ROE Difference = 8.88 | Category : Version Difference
CANBK | Mar 2015 | D/E Warning Suppressed (Financial Sector)
CANBK | Mar 2016 | ROE Difference = 25.72 | Category : Version Difference
CANBK | Mar 2016 | D/E Warning Suppressed (Financial Sector)
CANBK | Mar 2017 | ROE Difference = 13.83 | Category : Version Difference
CANBK | Mar 2017 | D/E Warning Suppressed (Financial Sector)
CANBK | Mar 2018 | ROE Difference = 28.4 | Category : Version Difference
CANBK | Mar 2018 | D/E Warning Suppressed (Financial Sector)
CANBK | Mar 2019 | ROE Difference = 16.05 | Category : Version Difference
CANBK | Mar 2019 | D/E Warning Suppressed (Financial Sector)
CANBK | Mar 2020 | ROE Difference = 22.56 | Category : Version Difference
CANBK | Mar 2020 | D/E Warning Suppressed (Financial Sector)
CANBK | Mar 2021 | ROE Difference = 13.16 | Category : Version Difference
CANBK | Mar 2021 | D/E Warning Suppressed (Financial Sector)
CANBK | Mar 2022 | ROE Difference = 9.1 | Category : Version Difference
CANBK | Mar 2022 | D/E Warning Suppressed (Financial Sector)
CANBK | Mar 2023 | D/E Warning Suppressed (Financial Sector)
CANBK | Mar 2024 | D/E Warning Suppressed (Financial Sector)
CHOLAFIN | Mar 2013 | D/E Warning Suppressed (Financial Sector)
CHOLAFIN | Mar 2014 | D/E Warning Suppressed (Financial Sector)
CHOLAFIN | Mar 2015 | D/E Warning Suppressed (Financial Sector)
CHOLAFIN | Mar 2016 | D/E Warning Suppressed (Financial Sector)
CHOLAFIN | Mar 2017 | D/E Warning Suppressed (Financial Sector)
CHOLAFIN | Mar 2018 | D/E Warning Suppressed (Financial Sector)
CHOLAFIN | Mar 2019 | D/E Warning Suppressed (Financial Sector)
CHOLAFIN | Mar 2020 | ROE Difference = 7.35 | Category : Version Difference
CHOLAFIN | Mar 2020 | D/E Warning Suppressed (Financial Sector)
CHOLAFIN | Mar 2021 | D/E Warning Suppressed (Financial Sector)
CHOLAFIN | Mar 2022 | D/E Warning Suppressed (Financial Sector)
CHOLAFIN | Mar 2023 | D/E Warning Suppressed (Financial Sector)
CHOLAFIN | Mar 2024 | D/E Warning Suppressed (Financial Sector)
CIPLA | Mar 2015 | ROE Difference = 5.42 | Category : Version Difference
CIPLA | Mar 2017 | ROE Difference = 8.55 | Category : Version Difference
CIPLA | Mar 2018 | ROE Difference = 6.84 | Category : Version Difference
CIPLA | Mar 2019 | ROE Difference = 6.86 | Category : Version Difference
CIPLA | Mar 2020 | ROE Difference = 7.28 | Category : Version Difference
COALINDIA | Mar 2013 | ROE Difference = 16.19 | Category : Version Difference
COALINDIA | Mar 2014 | ROE Difference = 16.36 | Category : Version Difference
COALINDIA | Mar 2015 | ROE Difference = 17.98 | Category : Version Difference
COALINDIA | Mar 2016 | ROE Difference = 11.04 | Category : Version Difference
COALINDIA | Mar 2017 | ROE Difference = 14.15 | Category : Version Difference
COALINDIA | Mar 2018 | ROE Difference = 17.12 | Category : Version Difference
COALINDIA | Mar 2019 | ROE Difference = 14.01 | Category : Version Difference
COALINDIA | Mar 2021 | ROE Difference = 17.22 | Category : Version Difference
COALINDIA | Mar 2022 | ROE Difference = 11.72 | Category : Version Difference
COALINDIA | Mar 2024 | ROE Difference = 6.83 | Category : Version Difference
DABUR | Mar 2013 | ROE Difference = 17.36 | Category : Version Difference
DABUR | Mar 2014 | ROE Difference = 15.29 | Category : Version Difference
DABUR | Mar 2015 | ROE Difference = 12.64 | Category : Version Difference
DABUR | Mar 2016 | ROE Difference = 10.86 | Category : Version Difference
DABUR | Mar 2017 | ROE Difference = 7.21 | Category : Version Difference
DABUR | Mar 2019 | ROE Difference = 6.47 | Category : Version Difference
DIVISLAB | Mar 2013 | ROE Difference = 11.87 | Category : Version Difference
DIVISLAB | Mar 2014 | ROE Difference = 13.88 | Category : Version Difference
DIVISLAB | Mar 2015 | ROE Difference = 12.17 | Category : Version Difference
DIVISLAB | Mar 2016 | ROE Difference = 14.03 | Category : Version Difference
DIVISLAB | Mar 2017 | ROE Difference = 7.59 | Category : Version Difference
DIVISLAB | Mar 2019 | ROE Difference = 7.25 | Category : Version Difference
DIVISLAB | Mar 2020 | ROE Difference = 6.64 | Category : Version Difference
DIVISLAB | Mar 2021 | ROE Difference = 9.14 | Category : Version Difference
DIVISLAB | Mar 2022 | ROE Difference = 13.04 | Category : Version Difference
DLF | Mar 2015 | ROE Difference = 5.1 | Category : Version Difference
DLF | Mar 2016 | ROE Difference = 5.68 | Category : Version Difference
DLF | Mar 2018 | ROE Difference = 5.73 | Category : Version Difference
DLF | Mar 2020 | ROE Difference = 8.66 | Category : Version Difference
DMART | Mar 2016 | ROE Difference = 6.54 | Category : Version Difference
DMART | Mar 2021 | ROE Difference = 5.48 | Category : Version Difference
DRREDDY | Mar 2017 | ROE Difference = 10.86 | Category : Version Difference
DRREDDY | Mar 2018 | ROE Difference = 13.87 | Category : Version Difference
DRREDDY | Mar 2019 | ROE Difference = 7.5 | Category : Version Difference
DRREDDY | Mar 2020 | ROE Difference = 8.41 | Category : Version Difference
DRREDDY | Mar 2021 | ROE Difference = 10.33 | Category : Version Difference
DRREDDY | Mar 2022 | ROE Difference = 10.04 | Category : Version Difference
EICHERMOT | Mar 2016 | ROE Difference = 12.43 | Category : Version Difference
EICHERMOT | Mar 2017 | ROE Difference = 6.99 | Category : Version Difference
EICHERMOT | Mar 2020 | ROE Difference = 5.9 | Category : Version Difference
EICHERMOT | Mar 2021 | ROE Difference = 12.42 | Category : Version Difference
EICHERMOT | Mar 2022 | ROE Difference = 10.9 | Category : Version Difference
GAIL | Mar 2016 | ROE Difference = 8.85 | Category : Version Difference
GAIL | Mar 2017 | ROE Difference = 5.42 | Category : Version Difference
GAIL | Mar 2020 | ROE Difference = 5.31 | Category : Version Difference
GAIL | Mar 2022 | ROE Difference = 5.19 | Category : Version Difference
GAIL | Mar 2023 | ROE Difference = 5.38 | Category : Version Difference
GODREJCP | Mar 2013 | ROE Difference = 18.74 | Category : Version Difference
GODREJCP | Mar 2014 | ROE Difference = 14.93 | Category : Version Difference
GODREJCP | Mar 2015 | ROE Difference = 15.87 | Category : Version Difference
GODREJCP | Mar 2016 | ROE Difference = 12.71 | Category : Version Difference
GODREJCP | Mar 2017 | ROE Difference = 17.9 | Category : Version Difference
GODREJCP | Mar 2018 | ROE Difference = 19.34 | Category : Version Difference
GODREJCP | Mar 2019 | ROE Difference = 25.46 | Category : Version Difference
GODREJCP | Mar 2020 | ROE Difference = 12.18 | Category : Version Difference
GODREJCP | Mar 2021 | ROE Difference = 11.46 | Category : Version Difference
GODREJCP | Mar 2022 | ROE Difference = 8.66 | Category : Version Difference
GODREJCP | Mar 2023 | ROE Difference = 5.57 | Category : Version Difference
GODREJCP | Mar 2024 | ROE Difference = 11.22 | Category : Version Difference
GRASIM | Mar 2013 | ROE Difference = 12.32 | Category : Version Difference
GRASIM | Mar 2014 | ROE Difference = 6.77 | Category : Version Difference
GRASIM | Mar 2016 | ROE Difference = 5.7 | Category : Version Difference
GRASIM | Mar 2017 | ROE Difference = 6.63 | Category : Version Difference
GRASIM | Mar 2022 | ROE Difference = 7.9 | Category : Version Difference
GRASIM | Mar 2023 | ROE Difference = 7.17 | Category : Version Difference
HAL | Mar 2017 | ROE Difference = 1938.02 | Category : Version Difference
HAL | Mar 2018 | ROE Difference = 1499.56 | Category : Version Difference
HAL | Mar 2019 | ROE Difference = 1735.01 | Category : Version Difference
HAL | Mar 2020 | ROE Difference = 2030.52 | Category : Version Difference
HAL | Mar 2021 | ROE Difference = 2220.41 | Category : Version Difference
HAL | Mar 2022 | ROE Difference = 3295.28 | Category : Version Difference
HAL | Mar 2023 | ROE Difference = 3254.15 | Category : Version Difference
HAL | Mar 2024 | ROE Difference = 3787.68 | Category : Version Difference
HAVELLS | Mar 2013 | ROE Difference = 22.29 | Category : Version Difference
HAVELLS | Mar 2014 | ROE Difference = 8.77 | Category : Version Difference
HAVELLS | Mar 2016 | ROE Difference = 24.95 | Category : Version Difference
HCLTECH | Jun 2013 | ROE Difference = 7.39 | Category : Version Difference
HCLTECH | Jun 2014 | ROE Difference = 10.09 | Category : Version Difference
HCLTECH | Jun 2015 | ROE Difference = 7.01 | Category : Version Difference
HDFCBANK | Mar 2013 | D/E Warning Suppressed (Financial Sector)
HDFCBANK | Mar 2014 | D/E Warning Suppressed (Financial Sector)
HDFCBANK | Mar 2015 | D/E Warning Suppressed (Financial Sector)
HDFCBANK | Mar 2016 | D/E Warning Suppressed (Financial Sector)
HDFCBANK | Mar 2017 | D/E Warning Suppressed (Financial Sector)
HDFCBANK | Mar 2018 | D/E Warning Suppressed (Financial Sector)
HDFCBANK | Mar 2019 | D/E Warning Suppressed (Financial Sector)
HDFCBANK | Mar 2020 | D/E Warning Suppressed (Financial Sector)
HDFCBANK | Mar 2021 | D/E Warning Suppressed (Financial Sector)
HDFCBANK | Mar 2022 | D/E Warning Suppressed (Financial Sector)
HDFCBANK | Mar 2023 | D/E Warning Suppressed (Financial Sector)
HDFCBANK | Mar 2024 | D/E Warning Suppressed (Financial Sector)
HDFCLIFE | Mar 2013 | ROE Difference = 22.03 | Category : Version Difference
HDFCLIFE | Mar 2013 | D/E Warning Suppressed (Financial Sector)
HDFCLIFE | Mar 2014 | ROE Difference = 26.2 | Category : Version Difference
HDFCLIFE | Mar 2014 | D/E Warning Suppressed (Financial Sector)
HDFCLIFE | Mar 2015 | ROE Difference = 19.53 | Category : Version Difference
HDFCLIFE | Mar 2015 | D/E Warning Suppressed (Financial Sector)
HDFCLIFE | Mar 2016 | ROE Difference = 14.93 | Category : Version Difference
HDFCLIFE | Mar 2016 | D/E Warning Suppressed (Financial Sector)
HDFCLIFE | Mar 2017 | ROE Difference = 11.78 | Category : Version Difference
HDFCLIFE | Mar 2017 | D/E Warning Suppressed (Financial Sector)
HDFCLIFE | Mar 2018 | ROE Difference = 12.13 | Category : Version Difference
HDFCLIFE | Mar 2018 | D/E Warning Suppressed (Financial Sector)
HDFCLIFE | Mar 2019 | ROE Difference = 11.25 | Category : Version Difference
HDFCLIFE | Mar 2019 | D/E Warning Suppressed (Financial Sector)
HDFCLIFE | Mar 2020 | ROE Difference = 7.65 | Category : Version Difference
HDFCLIFE | Mar 2020 | D/E Warning Suppressed (Financial Sector)
HDFCLIFE | Mar 2021 | D/E Warning Suppressed (Financial Sector)
HDFCLIFE | Mar 2022 | D/E Warning Suppressed (Financial Sector)
HDFCLIFE | Mar 2023 | D/E Warning Suppressed (Financial Sector)
HDFCLIFE | Mar 2024 | D/E Warning Suppressed (Financial Sector)
HEROMOTOCO | Mar 2014 | ROE Difference = 15.38 | Category : Version Difference
HEROMOTOCO | Mar 2015 | ROE Difference = 14.15 | Category : Version Difference
HEROMOTOCO | Mar 2016 | ROE Difference = 13.23 | Category : Version Difference
HEROMOTOCO | Mar 2017 | ROE Difference = 12.37 | Category : Version Difference
HEROMOTOCO | Mar 2018 | ROE Difference = 9.09 | Category : Version Difference
HEROMOTOCO | Mar 2022 | ROE Difference = 7.3 | Category : Version Difference
HEROMOTOCO | Mar 2023 | ROE Difference = 5.19 | Category : Version Difference
HINDALCO | Mar 2015 | ROE Difference = 9.52 | Category : Version Difference
HINDALCO | Mar 2016 | ROE Difference = 11.93 | Category : Version Difference
HINDALCO | Mar 2017 | ROE Difference = 6.11 | Category : Version Difference
HINDALCO | Mar 2022 | ROE Difference = 7.36 | Category : Version Difference
HINDUNILVR | Mar 2013 | ROE Difference = 113.8 | Category : Version Difference
HINDUNILVR | Mar 2014 | ROE Difference = 91.65 | Category : Version Difference
HINDUNILVR | Mar 2015 | ROE Difference = 88.47 | Category : Version Difference
HINDUNILVR | Mar 2016 | ROE Difference = 42.95 | Category : Version Difference
HINDUNILVR | Mar 2017 | ROE Difference = 46.38 | Category : Version Difference
HINDUNILVR | Mar 2018 | ROE Difference = 51.59 | Category : Version Difference
HINDUNILVR | Mar 2019 | ROE Difference = 56.83 | Category : Version Difference
HINDUNILVR | Mar 2020 | ROE Difference = 61.9 | Category : Version Difference
ICICIBANK | Mar 2013 | D/E Warning Suppressed (Financial Sector)
ICICIBANK | Mar 2014 | D/E Warning Suppressed (Financial Sector)
ICICIBANK | Mar 2015 | D/E Warning Suppressed (Financial Sector)
ICICIBANK | Mar 2016 | ROE Difference = 7.19 | Category : Version Difference
ICICIBANK | Mar 2016 | D/E Warning Suppressed (Financial Sector)
ICICIBANK | Mar 2017 | ROE Difference = 7.96 | Category : Version Difference
ICICIBANK | Mar 2017 | D/E Warning Suppressed (Financial Sector)
ICICIBANK | Mar 2018 | ROE Difference = 10.57 | Category : Version Difference
ICICIBANK | Mar 2018 | D/E Warning Suppressed (Financial Sector)
ICICIBANK | Mar 2019 | ROE Difference = 13.82 | Category : Version Difference
ICICIBANK | Mar 2019 | D/E Warning Suppressed (Financial Sector)
ICICIBANK | Mar 2020 | ROE Difference = 9.67 | Category : Version Difference
ICICIBANK | Mar 2020 | D/E Warning Suppressed (Financial Sector)
ICICIBANK | Mar 2021 | ROE Difference = 5.88 | Category : Version Difference
ICICIBANK | Mar 2021 | D/E Warning Suppressed (Financial Sector)
ICICIBANK | Mar 2022 | D/E Warning Suppressed (Financial Sector)
ICICIBANK | Mar 2023 | D/E Warning Suppressed (Financial Sector)
ICICIBANK | Mar 2024 | D/E Warning Suppressed (Financial Sector)
ICICIGI | Mar 2013 | D/E Warning Suppressed (Financial Sector)
ICICIGI | Mar 2014 | D/E Warning Suppressed (Financial Sector)
ICICIGI | Mar 2015 | D/E Warning Suppressed (Financial Sector)
ICICIGI | Mar 2016 | D/E Warning Suppressed (Financial Sector)
ICICIGI | Mar 2017 | D/E Warning Suppressed (Financial Sector)
ICICIGI | Mar 2018 | D/E Warning Suppressed (Financial Sector)
ICICIGI | Mar 2019 | D/E Warning Suppressed (Financial Sector)
ICICIGI | Mar 2020 | D/E Warning Suppressed (Financial Sector)
ICICIGI | Mar 2021 | D/E Warning Suppressed (Financial Sector)
ICICIGI | Mar 2022 | D/E Warning Suppressed (Financial Sector)
ICICIGI | Mar 2023 | D/E Warning Suppressed (Financial Sector)
ICICIGI | Mar 2024 | D/E Warning Suppressed (Financial Sector)
ICICIPRULI | Mar 2013 | ROE Difference = 30.18 | Category : Version Difference
ICICIPRULI | Mar 2013 | D/E Warning Suppressed (Financial Sector)
ICICIPRULI | Mar 2014 | ROE Difference = 27.54 | Category : Version Difference
ICICIPRULI | Mar 2014 | D/E Warning Suppressed (Financial Sector)
ICICIPRULI | Mar 2015 | ROE Difference = 23.08 | Category : Version Difference
ICICIPRULI | Mar 2015 | D/E Warning Suppressed (Financial Sector)
ICICIPRULI | Mar 2016 | ROE Difference = 22.93 | Category : Version Difference
ICICIPRULI | Mar 2016 | D/E Warning Suppressed (Financial Sector)
ICICIPRULI | Mar 2017 | ROE Difference = 18.19 | Category : Version Difference
ICICIPRULI | Mar 2017 | D/E Warning Suppressed (Financial Sector)
ICICIPRULI | Mar 2018 | ROE Difference = 16.56 | Category : Version Difference
ICICIPRULI | Mar 2018 | D/E Warning Suppressed (Financial Sector)
ICICIPRULI | Mar 2019 | ROE Difference = 8.51 | Category : Version Difference
ICICIPRULI | Mar 2019 | D/E Warning Suppressed (Financial Sector)
ICICIPRULI | Mar 2020 | ROE Difference = 6.72 | Category : Version Difference
ICICIPRULI | Mar 2020 | D/E Warning Suppressed (Financial Sector)
ICICIPRULI | Mar 2021 | D/E Warning Suppressed (Financial Sector)
ICICIPRULI | Mar 2022 | D/E Warning Suppressed (Financial Sector)
ICICIPRULI | Mar 2023 | D/E Warning Suppressed (Financial Sector)
ICICIPRULI | Mar 2024 | D/E Warning Suppressed (Financial Sector)
INDUSINDBK | Mar 2013 | D/E Warning Suppressed (Financial Sector)
INDUSINDBK | Mar 2014 | D/E Warning Suppressed (Financial Sector)
INDUSINDBK | Mar 2015 | D/E Warning Suppressed (Financial Sector)
INDUSINDBK | Mar 2016 | D/E Warning Suppressed (Financial Sector)
INDUSINDBK | Mar 2017 | D/E Warning Suppressed (Financial Sector)
INDUSINDBK | Mar 2018 | D/E Warning Suppressed (Financial Sector)
INDUSINDBK | Mar 2019 | D/E Warning Suppressed (Financial Sector)
INDUSINDBK | Mar 2020 | D/E Warning Suppressed (Financial Sector)
INDUSINDBK | Mar 2021 | ROE Difference = 8.66 | Category : Version Difference
INDUSINDBK | Mar 2021 | D/E Warning Suppressed (Financial Sector)
INDUSINDBK | Mar 2022 | ROE Difference = 5.53 | Category : Version Difference
INDUSINDBK | Mar 2022 | D/E Warning Suppressed (Financial Sector)
INDUSINDBK | Mar 2023 | D/E Warning Suppressed (Financial Sector)
INDUSINDBK | Mar 2024 | D/E Warning Suppressed (Financial Sector)
INFY | Mar 2013 | ROE Difference = 6.98 | Category : Version Difference
INFY | Mar 2014 | ROE Difference = 7.87 | Category : Version Difference
INFY | Mar 2015 | ROE Difference = 7.41 | Category : Version Difference
INFY | Mar 2016 | ROE Difference = 9.95 | Category : Version Difference
INFY | Mar 2017 | ROE Difference = 10.99 | Category : Version Difference
INFY | Mar 2018 | ROE Difference = 7.11 | Category : Version Difference
INFY | Mar 2019 | ROE Difference = 8.07 | Category : Version Difference
INFY | Mar 2020 | ROE Difference = 6.38 | Category : Version Difference
INFY | Mar 2021 | ROE Difference = 6.36 | Category : Version Difference
IOC | Mar 2013 | ROE Difference = 19.69 | Category : Version Difference
IOC | Mar 2014 | ROE Difference = 15.18 | Category : Version Difference
IOC | Mar 2015 | ROE Difference = 18.36 | Category : Version Difference
IOC | Mar 2016 | ROE Difference = 11.64 | Category : Version Difference
IOC | Mar 2017 | ROE Difference = 5.47 | Category : Version Difference
IOC | Mar 2018 | ROE Difference = 5.57 | Category : Version Difference
IOC | Mar 2019 | ROE Difference = 10.08 | Category : Version Difference
IOC | Mar 2020 | ROE Difference = 27.41 | Category : Version Difference
IOC | Mar 2021 | ROE Difference = 5.98 | Category : Version Difference
IOC | Mar 2022 | ROE Difference = 6.17 | Category : Version Difference
IOC | Mar 2023 | ROE Difference = 17.06 | Category : Version Difference
IRCTC | Mar 2015 | ROE Difference = 10.9 | Category : Version Difference
IRCTC | Mar 2016 | ROE Difference = 5.53 | Category : Version Difference
IRCTC | Mar 2017 | ROE Difference = 11.3 | Category : Version Difference
IRCTC | Mar 2018 | ROE Difference = 17.26 | Category : Version Difference
IRCTC | Mar 2019 | ROE Difference = 11.55 | Category : Version Difference
IRCTC | Mar 2021 | ROE Difference = 27.56 | Category : Version Difference
IRCTC | Mar 2022 | ROE Difference = 5.11 | Category : Version Difference
IRCTC | Mar 2024 | ROE Difference = 6.0 | Category : Version Difference
IRFC | Mar 2016 | ROE Difference = 6.33 | Category : Version Difference
IRFC | Mar 2016 | D/E Warning Suppressed (Financial Sector)
IRFC | Mar 2017 | ROE Difference = 5.92 | Category : Version Difference
IRFC | Mar 2017 | D/E Warning Suppressed (Financial Sector)
IRFC | Mar 2018 | D/E Warning Suppressed (Financial Sector)
IRFC | Mar 2019 | D/E Warning Suppressed (Financial Sector)
IRFC | Mar 2020 | D/E Warning Suppressed (Financial Sector)
IRFC | Mar 2021 | D/E Warning Suppressed (Financial Sector)
IRFC | Mar 2022 | D/E Warning Suppressed (Financial Sector)
IRFC | Mar 2023 | D/E Warning Suppressed (Financial Sector)
IRFC | Mar 2024 | D/E Warning Suppressed (Financial Sector)
ITC | Mar 2016 | ROE Difference = 7.21 | Category : Version Difference
ITC | Mar 2017 | ROE Difference = 6.9 | Category : Version Difference
ITC | Mar 2018 | ROE Difference = 7.58 | Category : Version Difference
ITC | Mar 2019 | ROE Difference = 7.77 | Category : Version Difference
ITC | Mar 2020 | ROE Difference = 5.58 | Category : Version Difference
ITC | Mar 2021 | ROE Difference = 7.29 | Category : Version Difference
JINDALSTEL | Mar 2014 | ROE Difference = 5.71 | Category : Version Difference
JINDALSTEL | Mar 2015 | ROE Difference = 21.0 | Category : Version Difference
JINDALSTEL | Mar 2016 | ROE Difference = 23.62 | Category : Version Difference
JINDALSTEL | Mar 2017 | ROE Difference = 22.55 | Category : Version Difference
JINDALSTEL | Mar 2018 | ROE Difference = 19.42 | Category : Version Difference
JINDALSTEL | Mar 2019 | ROE Difference = 21.62 | Category : Version Difference
JINDALSTEL | Mar 2020 | ROE Difference = 15.34 | Category : Version Difference
JIOFIN | Mar 2023 | D/E Warning Suppressed (Financial Sector)
JIOFIN | Mar 2024 | D/E Warning Suppressed (Financial Sector)
JSWENERGY | Mar 2013 | ROE Difference = 6.12 | Category : Version Difference
JSWENERGY | Mar 2015 | ROE Difference = 9.66 | Category : Version Difference
JSWENERGY | Mar 2016 | ROE Difference = 6.65 | Category : Version Difference
JSWENERGY | Mar 2018 | ROE Difference = 7.63 | Category : Version Difference
JSWSTEEL | Mar 2013 | ROE Difference = 6.22 | Category : Version Difference
JSWSTEEL | Mar 2014 | ROE Difference = 9.76 | Category : Version Difference
JSWSTEEL | Mar 2016 | ROE Difference = 14.2 | Category : Version Difference
JSWSTEEL | Mar 2018 | ROE Difference = 10.17 | Category : Version Difference
JSWSTEEL | Mar 2019 | ROE Difference = 9.96 | Category : Version Difference
JSWSTEEL | Mar 2021 | ROE Difference = 5.18 | Category : Version Difference
JSWSTEEL | Mar 2022 | ROE Difference = 19.45 | Category : Version Difference
JSWSTEEL | Mar 2023 | ROE Difference = 5.36 | Category : Version Difference
KOTAKBANK | Mar 2013 | D/E Warning Suppressed (Financial Sector)
KOTAKBANK | Mar 2014 | D/E Warning Suppressed (Financial Sector)
KOTAKBANK | Mar 2015 | D/E Warning Suppressed (Financial Sector)
KOTAKBANK | Mar 2016 | D/E Warning Suppressed (Financial Sector)
KOTAKBANK | Mar 2017 | D/E Warning Suppressed (Financial Sector)
KOTAKBANK | Mar 2018 | D/E Warning Suppressed (Financial Sector)
KOTAKBANK | Mar 2019 | D/E Warning Suppressed (Financial Sector)
KOTAKBANK | Mar 2020 | D/E Warning Suppressed (Financial Sector)
KOTAKBANK | Mar 2021 | D/E Warning Suppressed (Financial Sector)
KOTAKBANK | Mar 2022 | D/E Warning Suppressed (Financial Sector)
KOTAKBANK | Mar 2023 | D/E Warning Suppressed (Financial Sector)
KOTAKBANK | Mar 2024 | D/E Warning Suppressed (Financial Sector)
LICI | Mar 2019 | ROE Difference = 260.71 | Category : Version Difference
LICI | Mar 2019 | D/E Warning Suppressed (Financial Sector)
LICI | Mar 2020 | ROE Difference = 206.85 | Category : Version Difference
LICI | Mar 2020 | D/E Warning Suppressed (Financial Sector)
LICI | Mar 2021 | ROE Difference = 20.41 | Category : Version Difference
LICI | Mar 2021 | D/E Warning Suppressed (Financial Sector)
LICI | Mar 2022 | ROE Difference = 27.23 | Category : Version Difference
LICI | Mar 2022 | D/E Warning Suppressed (Financial Sector)
LICI | Mar 2023 | ROE Difference = 14.25 | Category : Version Difference
LICI | Mar 2023 | D/E Warning Suppressed (Financial Sector)
LICI | Mar 2024 | ROE Difference = 14.16 | Category : Version Difference
LICI | Mar 2024 | D/E Warning Suppressed (Financial Sector)
LODHA | Mar 2016 | ROE Difference = 6.99 | Category : Version Difference
LODHA | Mar 2019 | ROE Difference = 32.1 | Category : Version Difference
LODHA | Mar 2020 | ROE Difference = 5.6 | Category : Version Difference
LODHA | Mar 2021 | ROE Difference = 9.66 | Category : Version Difference
LODHA | Mar 2023 | ROE Difference = 6.83 | Category : Version Difference
LT | Mar 2013 | ROE Difference = 384.66 | Category : Version Difference
LT | Mar 2014 | ROE Difference = 292.93 | Category : Version Difference
LT | Mar 2015 | ROE Difference = 234.62 | Category : Version Difference
LT | Mar 2016 | ROE Difference = 205.6 | Category : Version Difference
LT | Mar 2017 | ROE Difference = 195.81 | Category : Version Difference
LT | Mar 2018 | ROE Difference = 196.87 | Category : Version Difference
LT | Mar 2019 | ROE Difference = 198.32 | Category : Version Difference
LT | Mar 2020 | ROE Difference = 191.1 | Category : Version Difference
LT | Mar 2021 | ROE Difference = 166.41 | Category : Version Difference
LT | Mar 2022 | ROE Difference = 62.43 | Category : Version Difference
LT | Mar 2023 | ROE Difference = 65.03 | Category : Version Difference
LT | Mar 2024 | ROE Difference = 67.18 | Category : Version Difference
LTIM | Mar 2013 | ROE Difference = 15.93 | Category : Version Difference
LTIM | Mar 2014 | ROE Difference = 35.82 | Category : Version Difference
LTIM | Mar 2015 | ROE Difference = 11.92 | Category : Version Difference
LTIM | Mar 2016 | ROE Difference = 13.3 | Category : Version Difference
M&M | Mar 2020 | ROE Difference = 18.79 | Category : Version Difference
M&M | Mar 2021 | ROE Difference = 14.35 | Category : Version Difference
MARUTI | Mar 2021 | ROE Difference = 7.39 | Category : Version Difference
MARUTI | Mar 2022 | ROE Difference = 8.74 | Category : Version Difference
MOTHERSON | Mar 2013 | ROE Difference = 7.95 | Category : Version Difference
MOTHERSON | Mar 2014 | ROE Difference = 25.27 | Category : Version Difference
MOTHERSON | Mar 2015 | ROE Difference = 27.07 | Category : Version Difference
MOTHERSON | Mar 2016 | ROE Difference = 28.55 | Category : Version Difference
MOTHERSON | Mar 2017 | ROE Difference = 14.46 | Category : Version Difference
MOTHERSON | Mar 2018 | ROE Difference = 11.07 | Category : Version Difference
MOTHERSON | Mar 2019 | ROE Difference = 7.34 | Category : Version Difference
MOTHERSON | Mar 2022 | ROE Difference = 6.06 | Category : Version Difference
NAUKRI | Mar 2013 | ROE Difference = 10.06 | Category : Version Difference
NAUKRI | Mar 2014 | ROE Difference = 6.49 | Category : Version Difference
NAUKRI | Mar 2016 | ROE Difference = 5.21 | Category : Version Difference
NAUKRI | Mar 2017 | ROE Difference = 5.14 | Category : Version Difference
NAUKRI | Mar 2018 | ROE Difference = 22.06 | Category : Version Difference
NAUKRI | Mar 2019 | ROE Difference = 20.84 | Category : Version Difference
NAUKRI | Mar 2020 | ROE Difference = 13.65 | Category : Version Difference
NAUKRI | Mar 2021 | ROE Difference = 23.84 | Category : Version Difference
NAUKRI | Mar 2022 | ROE Difference = 72.27 | Category : Version Difference
NESTLEIND | Dec 2013 | ROE Difference = 88.44 | Category : Version Difference
NESTLEIND | Dec 2014 | ROE Difference = 93.84 | Category : Version Difference
NESTLEIND | Dec 2015 | ROE Difference = 115.62 | Category : Version Difference
NESTLEIND | Dec 2016 | ROE Difference = 105.11 | Category : Version Difference
NESTLEIND | Dec 2017 | ROE Difference = 99.79 | Category : Version Difference
NESTLEIND | Dec 2018 | ROE Difference = 91.86 | Category : Version Difference
NESTLEIND | Dec 2019 | ROE Difference = 33.0 | Category : Version Difference
NESTLEIND | Dec 2020 | ROE Difference = 32.49 | Category : Version Difference
NESTLEIND | Dec 2021 | ROE Difference = 26.77 | Category : Version Difference
NESTLEIND | Dec 2022 | ROE Difference = 38.38 | Category : Version Difference
NESTLEIND | Dec 2023 | ROE Difference = 13.65 | Category : Version Difference
NESTLEIND | Mar 2024 | ROE Difference = 17.86 | Category : Version Difference
ONGC | Mar 2016 | ROE Difference = 7.7 | Category : Version Difference
ONGC | Mar 2020 | ROE Difference = 8.73 | Category : Version Difference
PFC | Mar 2013 | D/E Warning Suppressed (Financial Sector)
PFC | Mar 2014 | D/E Warning Suppressed (Financial Sector)
PFC | Mar 2015 | D/E Warning Suppressed (Financial Sector)
PFC | Mar 2016 | D/E Warning Suppressed (Financial Sector)
PFC | Mar 2017 | ROE Difference = 13.42 | Category : Version Difference
PFC | Mar 2017 | D/E Warning Suppressed (Financial Sector)
PFC | Mar 2018 | D/E Warning Suppressed (Financial Sector)
PFC | Mar 2019 | ROE Difference = 7.33 | Category : Version Difference
PFC | Mar 2019 | D/E Warning Suppressed (Financial Sector)
PFC | Mar 2020 | D/E Warning Suppressed (Financial Sector)
PFC | Mar 2021 | ROE Difference = 6.37 | Category : Version Difference
PFC | Mar 2021 | D/E Warning Suppressed (Financial Sector)
PFC | Mar 2022 | ROE Difference = 6.69 | Category : Version Difference
PFC | Mar 2022 | D/E Warning Suppressed (Financial Sector)
PFC | Mar 2023 | ROE Difference = 5.68 | Category : Version Difference
PFC | Mar 2023 | D/E Warning Suppressed (Financial Sector)
PFC | Mar 2024 | ROE Difference = 6.67 | Category : Version Difference
PFC | Mar 2024 | D/E Warning Suppressed (Financial Sector)
PIDILITIND | Mar 2016 | ROE Difference = 7.79 | Category : Version Difference
PNB | Mar 2013 | ROE Difference = 803.6 | Category : Version Difference
PNB | Mar 2013 | D/E Warning Suppressed (Financial Sector)
PNB | Mar 2013 | ROE Difference = 803.6 | Category : Version Difference
PNB | Mar 2013 | D/E Warning Suppressed (Financial Sector)
PNB | Mar 2013 | ROE Difference = 803.6 | Category : Version Difference
PNB | Mar 2013 | D/E Warning Suppressed (Financial Sector)
PNB | Mar 2013 | ROE Difference = 803.6 | Category : Version Difference
PNB | Mar 2013 | D/E Warning Suppressed (Financial Sector)
PNB | Mar 2013 | ROE Difference = 803.6 | Category : Version Difference
PNB | Mar 2013 | D/E Warning Suppressed (Financial Sector)
PNB | Mar 2014 | ROE Difference = 384.66 | Category : Version Difference
PNB | Mar 2014 | D/E Warning Suppressed (Financial Sector)
PNB | Mar 2014 | ROE Difference = 384.66 | Category : Version Difference
PNB | Mar 2014 | D/E Warning Suppressed (Financial Sector)
PNB | Mar 2014 | ROE Difference = 384.66 | Category : Version Difference
PNB | Mar 2014 | D/E Warning Suppressed (Financial Sector)
PNB | Mar 2014 | ROE Difference = 384.66 | Category : Version Difference
PNB | Mar 2014 | D/E Warning Suppressed (Financial Sector)
PNB | Mar 2014 | ROE Difference = 384.66 | Category : Version Difference
PNB | Mar 2014 | D/E Warning Suppressed (Financial Sector)
PNB | Mar 2015 | ROE Difference = 214.54 | Category : Version Difference
PNB | Mar 2015 | D/E Warning Suppressed (Financial Sector)
PNB | Mar 2015 | ROE Difference = 214.54 | Category : Version Difference
PNB | Mar 2015 | D/E Warning Suppressed (Financial Sector)
PNB | Mar 2015 | ROE Difference = 214.54 | Category : Version Difference
PNB | Mar 2015 | D/E Warning Suppressed (Financial Sector)
PNB | Mar 2015 | ROE Difference = 214.54 | Category : Version Difference
PNB | Mar 2015 | D/E Warning Suppressed (Financial Sector)
PNB | Mar 2015 | ROE Difference = 214.54 | Category : Version Difference
PNB | Mar 2015 | D/E Warning Suppressed (Financial Sector)
PNB | Mar 2016 | ROE Difference = 172.26 | Category : Version Difference
PNB | Mar 2016 | D/E Warning Suppressed (Financial Sector)
PNB | Mar 2016 | ROE Difference = 172.26 | Category : Version Difference
PNB | Mar 2016 | D/E Warning Suppressed (Financial Sector)
PNB | Mar 2016 | ROE Difference = 172.26 | Category : Version Difference
PNB | Mar 2016 | D/E Warning Suppressed (Financial Sector)
PNB | Mar 2016 | ROE Difference = 172.26 | Category : Version Difference
PNB | Mar 2016 | D/E Warning Suppressed (Financial Sector)
PNB | Mar 2016 | ROE Difference = 172.26 | Category : Version Difference
PNB | Mar 2016 | D/E Warning Suppressed (Financial Sector)
PNB | Mar 2017 | ROE Difference = 13.51 | Category : Version Difference
PNB | Mar 2017 | D/E Warning Suppressed (Financial Sector)
PNB | Mar 2017 | ROE Difference = 13.51 | Category : Version Difference
PNB | Mar 2017 | D/E Warning Suppressed (Financial Sector)
PNB | Mar 2017 | ROE Difference = 13.51 | Category : Version Difference
PNB | Mar 2017 | D/E Warning Suppressed (Financial Sector)
PNB | Mar 2017 | ROE Difference = 13.51 | Category : Version Difference
PNB | Mar 2017 | D/E Warning Suppressed (Financial Sector)
PNB | Mar 2017 | ROE Difference = 13.51 | Category : Version Difference
PNB | Mar 2017 | D/E Warning Suppressed (Financial Sector)
PNB | Mar 2018 | ROE Difference = 193.07 | Category : Version Difference
PNB | Mar 2018 | D/E Warning Suppressed (Financial Sector)
PNB | Mar 2018 | ROE Difference = 193.07 | Category : Version Difference
PNB | Mar 2018 | D/E Warning Suppressed (Financial Sector)
PNB | Mar 2018 | ROE Difference = 193.07 | Category : Version Difference
PNB | Mar 2018 | D/E Warning Suppressed (Financial Sector)
PNB | Mar 2018 | ROE Difference = 193.07 | Category : Version Difference
PNB | Mar 2018 | D/E Warning Suppressed (Financial Sector)
PNB | Mar 2018 | ROE Difference = 193.07 | Category : Version Difference
PNB | Mar 2018 | D/E Warning Suppressed (Financial Sector)
PNB | Mar 2019 | ROE Difference = 137.15 | Category : Version Difference
PNB | Mar 2019 | D/E Warning Suppressed (Financial Sector)
PNB | Mar 2019 | ROE Difference = 137.15 | Category : Version Difference
PNB | Mar 2019 | D/E Warning Suppressed (Financial Sector)
PNB | Mar 2019 | ROE Difference = 137.15 | Category : Version Difference
PNB | Mar 2019 | D/E Warning Suppressed (Financial Sector)
PNB | Mar 2019 | ROE Difference = 137.15 | Category : Version Difference
PNB | Mar 2019 | D/E Warning Suppressed (Financial Sector)
PNB | Mar 2019 | ROE Difference = 137.15 | Category : Version Difference
PNB | Mar 2019 | D/E Warning Suppressed (Financial Sector)
PNB | Mar 2020 | D/E Warning Suppressed (Financial Sector)
PNB | Mar 2020 | D/E Warning Suppressed (Financial Sector)
PNB | Mar 2020 | D/E Warning Suppressed (Financial Sector)
PNB | Mar 2020 | D/E Warning Suppressed (Financial Sector)
PNB | Mar 2020 | D/E Warning Suppressed (Financial Sector)
PNB | Mar 2021 | ROE Difference = 21.69 | Category : Version Difference
PNB | Mar 2021 | D/E Warning Suppressed (Financial Sector)
PNB | Mar 2021 | ROE Difference = 21.69 | Category : Version Difference
PNB | Mar 2021 | D/E Warning Suppressed (Financial Sector)
PNB | Mar 2021 | ROE Difference = 21.69 | Category : Version Difference
PNB | Mar 2021 | D/E Warning Suppressed (Financial Sector)
PNB | Mar 2021 | ROE Difference = 21.69 | Category : Version Difference
PNB | Mar 2021 | D/E Warning Suppressed (Financial Sector)
PNB | Mar 2021 | ROE Difference = 21.69 | Category : Version Difference
PNB | Mar 2021 | D/E Warning Suppressed (Financial Sector)
PNB | Mar 2022 | ROE Difference = 31.17 | Category : Version Difference
PNB | Mar 2022 | D/E Warning Suppressed (Financial Sector)
PNB | Mar 2022 | ROE Difference = 31.17 | Category : Version Difference
PNB | Mar 2022 | D/E Warning Suppressed (Financial Sector)
PNB | Mar 2022 | ROE Difference = 31.17 | Category : Version Difference
PNB | Mar 2022 | D/E Warning Suppressed (Financial Sector)
PNB | Mar 2022 | ROE Difference = 31.17 | Category : Version Difference
PNB | Mar 2022 | D/E Warning Suppressed (Financial Sector)
PNB | Mar 2022 | ROE Difference = 31.17 | Category : Version Difference
PNB | Mar 2022 | D/E Warning Suppressed (Financial Sector)
PNB | Mar 2023 | ROE Difference = 21.97 | Category : Version Difference
PNB | Mar 2023 | D/E Warning Suppressed (Financial Sector)
PNB | Mar 2023 | ROE Difference = 21.97 | Category : Version Difference
PNB | Mar 2023 | D/E Warning Suppressed (Financial Sector)
PNB | Mar 2023 | ROE Difference = 21.97 | Category : Version Difference
PNB | Mar 2023 | D/E Warning Suppressed (Financial Sector)
PNB | Mar 2023 | ROE Difference = 21.97 | Category : Version Difference
PNB | Mar 2023 | D/E Warning Suppressed (Financial Sector)
PNB | Mar 2023 | ROE Difference = 21.97 | Category : Version Difference
PNB | Mar 2023 | D/E Warning Suppressed (Financial Sector)
PNB | Mar 2024 | ROE Difference = 52.62 | Category : Version Difference
PNB | Mar 2024 | D/E Warning Suppressed (Financial Sector)
PNB | Mar 2024 | ROE Difference = 52.62 | Category : Version Difference
PNB | Mar 2024 | D/E Warning Suppressed (Financial Sector)
PNB | Mar 2024 | ROE Difference = 52.62 | Category : Version Difference
PNB | Mar 2024 | D/E Warning Suppressed (Financial Sector)
PNB | Mar 2024 | ROE Difference = 52.62 | Category : Version Difference
PNB | Mar 2024 | D/E Warning Suppressed (Financial Sector)
PNB | Mar 2024 | ROE Difference = 52.62 | Category : Version Difference
PNB | Mar 2024 | D/E Warning Suppressed (Financial Sector)
POWERGRID | Mar 2014 | ROE Difference = 5.89 | Category : Version Difference
POWERGRID | Mar 2014 | ROE Difference = 5.89 | Category : Version Difference
POWERGRID | Mar 2015 | ROE Difference = 5.87 | Category : Version Difference
POWERGRID | Mar 2015 | ROE Difference = 5.87 | Category : Version Difference
POWERGRID | Mar 2016 | ROE Difference = 5.45 | Category : Version Difference
POWERGRID | Mar 2016 | ROE Difference = 5.45 | Category : Version Difference
RECLTD | Mar 2013 | D/E Warning Suppressed (Financial Sector)
RECLTD | Mar 2014 | D/E Warning Suppressed (Financial Sector)
RECLTD | Mar 2015 | D/E Warning Suppressed (Financial Sector)
RECLTD | Mar 2016 | D/E Warning Suppressed (Financial Sector)
RECLTD | Mar 2017 | D/E Warning Suppressed (Financial Sector)
RECLTD | Mar 2018 | ROE Difference = 8.54 | Category : Version Difference
RECLTD | Mar 2018 | D/E Warning Suppressed (Financial Sector)
RECLTD | Mar 2019 | ROE Difference = 5.58 | Category : Version Difference
RECLTD | Mar 2019 | D/E Warning Suppressed (Financial Sector)
RECLTD | Mar 2020 | ROE Difference = 8.15 | Category : Version Difference
RECLTD | Mar 2020 | D/E Warning Suppressed (Financial Sector)
RECLTD | Mar 2021 | D/E Warning Suppressed (Financial Sector)
RECLTD | Mar 2022 | D/E Warning Suppressed (Financial Sector)
RECLTD | Mar 2023 | D/E Warning Suppressed (Financial Sector)
RECLTD | Mar 2024 | D/E Warning Suppressed (Financial Sector)
SBILIFE | Mar 2013 | ROE Difference = 11.03 | Category : Version Difference
SBILIFE | Mar 2013 | D/E Warning Suppressed (Financial Sector)
SBILIFE | Mar 2014 | ROE Difference = 9.69 | Category : Version Difference
SBILIFE | Mar 2014 | D/E Warning Suppressed (Financial Sector)
SBILIFE | Mar 2015 | ROE Difference = 8.09 | Category : Version Difference
SBILIFE | Mar 2015 | D/E Warning Suppressed (Financial Sector)
SBILIFE | Mar 2016 | ROE Difference = 5.83 | Category : Version Difference
SBILIFE | Mar 2016 | D/E Warning Suppressed (Financial Sector)
SBILIFE | Mar 2017 | ROE Difference = 5.2 | Category : Version Difference
SBILIFE | Mar 2017 | D/E Warning Suppressed (Financial Sector)
SBILIFE | Mar 2018 | ROE Difference = 5.62 | Category : Version Difference
SBILIFE | Mar 2018 | D/E Warning Suppressed (Financial Sector)
SBILIFE | Mar 2019 | ROE Difference = 5.52 | Category : Version Difference
SBILIFE | Mar 2019 | D/E Warning Suppressed (Financial Sector)
SBILIFE | Mar 2020 | D/E Warning Suppressed (Financial Sector)
SBILIFE | Mar 2021 | D/E Warning Suppressed (Financial Sector)
SBILIFE | Mar 2022 | D/E Warning Suppressed (Financial Sector)
SBILIFE | Mar 2023 | D/E Warning Suppressed (Financial Sector)
SBILIFE | Mar 2024 | D/E Warning Suppressed (Financial Sector)
SHREECEM | Jun 2013 | ROE Difference = 13.92 | Category : Version Difference
SHREECEM | Mar 2017 | ROE Difference = 5.19 | Category : Version Difference
SHRIRAMFIN | Mar 2013 | D/E Warning Suppressed (Financial Sector)
SHRIRAMFIN | Mar 2014 | D/E Warning Suppressed (Financial Sector)
SHRIRAMFIN | Mar 2015 | D/E Warning Suppressed (Financial Sector)
SHRIRAMFIN | Mar 2016 | D/E Warning Suppressed (Financial Sector)
SHRIRAMFIN | Mar 2017 | D/E Warning Suppressed (Financial Sector)
SHRIRAMFIN | Mar 2018 | D/E Warning Suppressed (Financial Sector)
SHRIRAMFIN | Mar 2019 | D/E Warning Suppressed (Financial Sector)
SHRIRAMFIN | Mar 2020 | D/E Warning Suppressed (Financial Sector)
SHRIRAMFIN | Mar 2021 | D/E Warning Suppressed (Financial Sector)
SHRIRAMFIN | Mar 2022 | ROE Difference = 5.47 | Category : Version Difference
SHRIRAMFIN | Mar 2022 | D/E Warning Suppressed (Financial Sector)
SHRIRAMFIN | Mar 2023 | D/E Warning Suppressed (Financial Sector)
SHRIRAMFIN | Mar 2024 | D/E Warning Suppressed (Financial Sector)
SIEMENS | Sep 2014 | ROE Difference = 5.32 | Category : Version Difference
SIEMENS | Sep 2016 | ROE Difference = 23.73 | Category : Version Difference
SIEMENS | Sep 2018 | ROE Difference = 8.24 | Category : Version Difference
SIEMENS | Sep 2019 | ROE Difference = 6.96 | Category : Version Difference
SIEMENS | Sep 2020 | ROE Difference = 11.0 | Category : Version Difference
SIEMENS | Sep 2021 | ROE Difference = 8.58 | Category : Version Difference
SIEMENS | Sep 2022 | ROE Difference = 5.81 | Category : Version Difference
SUNPHARMA | Mar 2013 | ROE Difference = 6.44 | Category : Version Difference
SUNPHARMA | Mar 2018 | ROE Difference = 10.07 | Category : Version Difference
SUNPHARMA | Mar 2019 | ROE Difference = 8.95 | Category : Version Difference
SUNPHARMA | Mar 2020 | ROE Difference = 7.48 | Category : Version Difference
SUNPHARMA | Mar 2021 | ROE Difference = 11.81 | Category : Version Difference
SUNPHARMA | Mar 2022 | ROE Difference = 9.64 | Category : Version Difference
TATACONSUM | Mar 2016 | ROE Difference = 8.91 | Category : Version Difference
TATAMOTORS | Mar 2013 | ROE Difference = 22.89 | Category : Version Difference
TATAMOTORS | Mar 2014 | ROE Difference = 27.98 | Category : Version Difference
TATAMOTORS | Mar 2015 | ROE Difference = 24.39 | Category : Version Difference
TATAMOTORS | Mar 2016 | ROE Difference = 34.61 | Category : Version Difference
TATAMOTORS | Mar 2017 | ROE Difference = 36.38 | Category : Version Difference
TATAMOTORS | Mar 2018 | ROE Difference = 39.87 | Category : Version Difference
TATAMOTORS | Mar 2019 | ROE Difference = 97.13 | Category : Version Difference
TATAMOTORS | Mar 2020 | ROE Difference = 68.38 | Category : Version Difference
TATAMOTORS | Mar 2021 | ROE Difference = 73.65 | Category : Version Difference
TATAMOTORS | Mar 2022 | ROE Difference = 74.78 | Category : Version Difference
TATAMOTORS | Mar 2023 | ROE Difference = 43.46 | Category : Version Difference
TATAMOTORS | Mar 2024 | ROE Difference = 11.94 | Category : Version Difference
TATAPOWER | Mar 2013 | ROE Difference = 10.3 | Category : Version Difference
TATAPOWER | Mar 2014 | ROE Difference = 11.2 | Category : Version Difference
TATAPOWER | Mar 2015 | ROE Difference = 8.11 | Category : Version Difference
TATASTEEL | Mar 2013 | ROE Difference = 27.83 | Category : Version Difference
TATASTEEL | Mar 2015 | ROE Difference = 19.11 | Category : Version Difference
TATASTEEL | Mar 2016 | ROE Difference = 7.69 | Category : Version Difference
TATASTEEL | Mar 2017 | ROE Difference = 17.57 | Category : Version Difference
TATASTEEL | Mar 2018 | ROE Difference = 22.6 | Category : Version Difference
TATASTEEL | Mar 2019 | ROE Difference = 6.68 | Category : Version Difference
TATASTEEL | Mar 2022 | ROE Difference = 29.93 | Category : Version Difference
TATASTEEL | Mar 2024 | ROE Difference = 11.88 | Category : Version Difference
TCS | Mar 2013 | ROE Difference = 36.0 | Category : Version Difference
TCS | Mar 2014 | ROE Difference = 38.78 | Category : Version Difference
TCS | Mar 2015 | ROE Difference = 39.1 | Category : Version Difference
TCS | Mar 2016 | ROE Difference = 33.72 | Category : Version Difference
TCS | Mar 2017 | ROE Difference = 30.05 | Category : Version Difference
TCS | Mar 2018 | ROE Difference = 29.88 | Category : Version Difference
TCS | Mar 2019 | ROE Difference = 34.77 | Category : Version Difference
TCS | Mar 2020 | ROE Difference = 38.05 | Category : Version Difference
TCS | Mar 2021 | ROE Difference = 37.15 | Category : Version Difference
TCS | Mar 2022 | ROE Difference = 42.61 | Category : Version Difference
TCS | Mar 2023 | ROE Difference = 46.26 | Category : Version Difference
TCS | Mar 2024 | ROE Difference = 50.42 | Category : Version Difference
TECHM | Mar 2013 | ROE Difference = 15.46 | Category : Version Difference
TECHM | Mar 2013 | ROE Difference = 15.46 | Category : Version Difference
TECHM | Mar 2014 | ROE Difference = 24.72 | Category : Version Difference
TECHM | Mar 2014 | ROE Difference = 24.72 | Category : Version Difference
TECHM | Mar 2015 | ROE Difference = 13.08 | Category : Version Difference
TECHM | Mar 2015 | ROE Difference = 13.08 | Category : Version Difference
TECHM | Mar 2016 | ROE Difference = 12.12 | Category : Version Difference
TECHM | Mar 2016 | ROE Difference = 12.12 | Category : Version Difference
TECHM | Mar 2017 | ROE Difference = 8.72 | Category : Version Difference
TECHM | Mar 2017 | ROE Difference = 8.72 | Category : Version Difference
TECHM | Mar 2018 | ROE Difference = 11.46 | Category : Version Difference
TECHM | Mar 2018 | ROE Difference = 11.46 | Category : Version Difference
TECHM | Mar 2019 | ROE Difference = 12.51 | Category : Version Difference
TECHM | Mar 2019 | ROE Difference = 12.51 | Category : Version Difference
TECHM | Mar 2020 | ROE Difference = 9.24 | Category : Version Difference
TECHM | Mar 2020 | ROE Difference = 9.24 | Category : Version Difference
TECHM | Mar 2021 | ROE Difference = 8.88 | Category : Version Difference
TECHM | Mar 2021 | ROE Difference = 8.88 | Category : Version Difference
TECHM | Mar 2022 | ROE Difference = 12.31 | Category : Version Difference
TECHM | Mar 2022 | ROE Difference = 12.31 | Category : Version Difference
TECHM | Mar 2023 | ROE Difference = 8.76 | Category : Version Difference
TECHM | Mar 2023 | ROE Difference = 8.76 | Category : Version Difference
TITAN | Mar 2015 | ROE Difference = 6.44 | Category : Version Difference
TITAN | Mar 2016 | ROE Difference = 13.65 | Category : Version Difference
TITAN | Mar 2017 | ROE Difference = 16.43 | Category : Version Difference
TITAN | Mar 2018 | ROE Difference = 11.25 | Category : Version Difference
TITAN | Mar 2019 | ROE Difference = 10.02 | Category : Version Difference
TITAN | Mar 2020 | ROE Difference = 10.51 | Category : Version Difference
TITAN | Mar 2021 | ROE Difference = 19.91 | Category : Version Difference
TITAN | Mar 2022 | ROE Difference = 9.27 | Category : Version Difference
TITAN | Mar 2023 | ROE Difference = 5.27 | Category : Version Difference
TORNTPHARM | Mar 2013 | ROE Difference = 6.39 | Category : Version Difference
TORNTPHARM | Mar 2014 | ROE Difference = 10.69 | Category : Version Difference
TORNTPHARM | Mar 2015 | ROE Difference = 5.95 | Category : Version Difference
TORNTPHARM | Mar 2016 | ROE Difference = 25.4 | Category : Version Difference
TORNTPHARM | Mar 2018 | ROE Difference = 9.53 | Category : Version Difference
TORNTPHARM | Mar 2019 | ROE Difference = 14.97 | Category : Version Difference
TORNTPHARM | Mar 2022 | ROE Difference = 11.15 | Category : Version Difference
TRENT | Mar 2013 | ROE Difference = 29.39 | Category : Version Difference
TRENT | Mar 2014 | ROE Difference = 29.12 | Category : Version Difference
TRENT | Mar 2015 | ROE Difference = 18.13 | Category : Version Difference
TRENT | Mar 2016 | ROE Difference = 23.44 | Category : Version Difference
TRENT | Mar 2017 | ROE Difference = 21.71 | Category : Version Difference
TRENT | Mar 2018 | ROE Difference = 21.75 | Category : Version Difference
TRENT | Mar 2019 | ROE Difference = 21.43 | Category : Version Difference
TRENT | Mar 2020 | ROE Difference = 22.76 | Category : Version Difference
TRENT | Mar 2021 | ROE Difference = 35.03 | Category : Version Difference
TRENT | Mar 2022 | ROE Difference = 25.72 | Category : Version Difference
TRENT | Mar 2023 | ROE Difference = 12.02 | Category : Version Difference
TRENT | Mar 2024 | ROE Difference = 9.11 | Category : Version Difference
